src/__tests__/schema.test.ts(6,1): error TS2304: Cannot find name 'beforeAll'.
src/__tests__/schema.test.ts(10,1): error TS2304: Cannot find name 'afterAll'.
src/__tests__/schema.test.ts(14,1): error TS2304: Cannot find name 'afterEach'.
src/__tests__/schema.test.ts(28,1): error TS2593: Cannot find name 'describe'. Do you need to install type definitions for a test runner? Try `npm i --save-dev @types/jest` or `npm i --save-dev @types/mocha` and then add 'jest' or 'mocha' to the types field in your tsconfig.
src/__tests__/schema.test.ts(29,3): error TS2593: Cannot find name 'it'. Do you need to install type definitions for a test runner? Try `npm i --save-dev @types/jest` or `npm i --save-dev @types/mocha` and then add 'jest' or 'mocha' to the types field in your tsconfig.
src/__tests__/schema.test.ts(39,5): error TS2304: Cannot find name 'expect'.
src/__tests__/schema.test.ts(40,5): error TS2304: Cannot find name 'expect'.
src/__tests__/schema.test.ts(41,5): error TS2304: Cannot find name 'expect'.
src/__tests__/schema.test.ts(42,5): error TS2304: Cannot find name 'expect'.
src/__tests__/schema.test.ts(43,5): error TS2304: Cannot find name 'expect'.
src/__tests__/schema.test.ts(44,5): error TS2304: Cannot find name 'expect'.
src/__tests__/schema.test.ts(47,3): error TS2593: Cannot find name 'it'. Do you need to install type definitions for a test runner? Try `npm i --save-dev @types/jest` or `npm i --save-dev @types/mocha` and then add 'jest' or 'mocha' to the types field in your tsconfig.
src/__tests__/schema.test.ts(53,11): error TS2304: Cannot find name 'expect'.
src/__tests__/schema.test.ts(60,3): error TS2593: Cannot find name 'it'. Do you need to install type definitions for a test runner? Try `npm i --save-dev @types/jest` or `npm i --save-dev @types/mocha` and then add 'jest' or 'mocha' to the types field in your tsconfig.
src/__tests__/schema.test.ts(68,5): error TS2304: Cannot find name 'expect'.
src/__tests__/schema.test.ts(69,5): error TS2304: Cannot find name 'expect'.
src/__tests__/schema.test.ts(76,1): error TS2593: Cannot find name 'describe'. Do you need to install type definitions for a test runner? Try `npm i --save-dev @types/jest` or `npm i --save-dev @types/mocha` and then add 'jest' or 'mocha' to the types field in your tsconfig.
src/__tests__/schema.test.ts(77,3): error TS2593: Cannot find name 'it'. Do you need to install type definitions for a test runner? Try `npm i --save-dev @types/jest` or `npm i --save-dev @types/mocha` and then add 'jest' or 'mocha' to the types field in your tsconfig.
src/__tests__/schema.test.ts(86,5): error TS2304: Cannot find name 'expect'.
src/__tests__/schema.test.ts(87,5): error TS2304: Cannot find name 'expect'.
src/__tests__/schema.test.ts(88,5): error TS2304: Cannot find name 'expect'.
src/__tests__/schema.test.ts(89,5): error TS2304: Cannot find name 'expect'.
src/__tests__/schema.test.ts(92,3): error TS2593: Cannot find name 'it'. Do you need to install type definitions for a test runner? Try `npm i --save-dev @types/jest` or `npm i --save-dev @types/mocha` and then add 'jest' or 'mocha' to the types field in your tsconfig.
src/__tests__/schema.test.ts(99,5): error TS2304: Cannot find name 'expect'.
src/__tests__/schema.test.ts(100,5): error TS2304: Cannot find name 'expect'.
src/__tests__/schema.test.ts(103,3): error TS2593: Cannot find name 'it'. Do you need to install type definitions for a test runner? Try `npm i --save-dev @types/jest` or `npm i --save-dev @types/mocha` and then add 'jest' or 'mocha' to the types field in your tsconfig.
src/__tests__/schema.test.ts(110,11): error TS2304: Cannot find name 'expect'.
src/__tests__/schema.test.ts(115,3): error TS2593: Cannot find name 'it'. Do you need to install type definitions for a test runner? Try `npm i --save-dev @types/jest` or `npm i --save-dev @types/mocha` and then add 'jest' or 'mocha' to the types field in your tsconfig.
src/__tests__/schema.test.ts(127,5): error TS2304: Cannot find name 'expect'.
src/__tests__/schema.test.ts(128,5): error TS2304: Cannot find name 'expect'.
src/__tests__/schema.test.ts(135,1): error TS2593: Cannot find name 'describe'. Do you need to install type definitions for a test runner? Try `npm i --save-dev @types/jest` or `npm i --save-dev @types/mocha` and then add 'jest' or 'mocha' to the types field in your tsconfig.
src/__tests__/schema.test.ts(136,3): error TS2593: Cannot find name 'it'. Do you need to install type definitions for a test runner? Try `npm i --save-dev @types/jest` or `npm i --save-dev @types/mocha` and then add 'jest' or 'mocha' to the types field in your tsconfig.
src/__tests__/schema.test.ts(151,5): error TS2304: Cannot find name 'expect'.
src/__tests__/schema.test.ts(152,5): error TS2304: Cannot find name 'expect'.
src/__tests__/schema.test.ts(153,5): error TS2304: Cannot find name 'expect'.
src/__tests__/schema.test.ts(154,5): error TS2304: Cannot find name 'expect'.
src/__tests__/schema.test.ts(157,3): error TS2593: Cannot find name 'it'. Do you need to install type definitions for a test runner? Try `npm i --save-dev @types/jest` or `npm i --save-dev @types/mocha` and then add 'jest' or 'mocha' to the types field in your tsconfig.
src/__tests__/schema.test.ts(172,5): error TS2304: Cannot find name 'expect'.
src/__tests__/schema.test.ts(175,3): error TS2593: Cannot find name 'it'. Do you need to install type definitions for a test runner? Try `npm i --save-dev @types/jest` or `npm i --save-dev @types/mocha` and then add 'jest' or 'mocha' to the types field in your tsconfig.
src/__tests__/schema.test.ts(176,11): error TS2304: Cannot find name 'expect'.
src/__tests__/schema.test.ts(192,1): error TS2593: Cannot find name 'describe'. Do you need to install type definitions for a test runner? Try `npm i --save-dev @types/jest` or `npm i --save-dev @types/mocha` and then add 'jest' or 'mocha' to the types field in your tsconfig.
src/__tests__/schema.test.ts(212,3): error TS2593: Cannot find name 'it'. Do you need to install type definitions for a test runner? Try `npm i --save-dev @types/jest` or `npm i --save-dev @types/mocha` and then add 'jest' or 'mocha' to the types field in your tsconfig.
src/__tests__/schema.test.ts(223,5): error TS2304: Cannot find name 'expect'.
src/__tests__/schema.test.ts(224,5): error TS2304: Cannot find name 'expect'.
src/__tests__/schema.test.ts(225,5): error TS2304: Cannot find name 'expect'.
src/__tests__/schema.test.ts(226,5): error TS2304: Cannot find name 'expect'.
src/__tests__/schema.test.ts(227,5): error TS2304: Cannot find name 'expect'.
src/__tests__/schema.test.ts(230,3): error TS2593: Cannot find name 'it'. Do you need to install type definitions for a test runner? Try `npm i --save-dev @types/jest` or `npm i --save-dev @types/mocha` and then add 'jest' or 'mocha' to the types field in your tsconfig.
src/__tests__/schema.test.ts(237,5): error TS2304: Cannot find name 'expect'.
src/__tests__/schema.test.ts(240,3): error TS2593: Cannot find name 'it'. Do you need to install type definitions for a test runner? Try `npm i --save-dev @types/jest` or `npm i --save-dev @types/mocha` and then add 'jest' or 'mocha' to the types field in your tsconfig.
src/__tests__/schema.test.ts(251,5): error TS2304: Cannot find name 'expect'.
src/__tests__/schema.test.ts(257,5): error TS2304: Cannot find name 'expect'.
src/__tests__/schema.test.ts(260,3): error TS2593: Cannot find name 'it'. Do you need to install type definitions for a test runner? Try `npm i --save-dev @types/jest` or `npm i --save-dev @types/mocha` and then add 'jest' or 'mocha' to the types field in your tsconfig.
src/__tests__/schema.test.ts(271,11): error TS2304: Cannot find name 'expect'.
src/__tests__/schema.test.ts(278,3): error TS2593: Cannot find name 'it'. Do you need to install type definitions for a test runner? Try `npm i --save-dev @types/jest` or `npm i --save-dev @types/mocha` and then add 'jest' or 'mocha' to the types field in your tsconfig.
src/__tests__/schema.test.ts(289,5): error TS2304: Cannot find name 'expect'.
src/__tests__/schema.test.ts(290,5): error TS2304: Cannot find name 'expect'.
src/__tests__/schema.test.ts(291,5): error TS2304: Cannot find name 'expect'.
src/__tests__/schema.test.ts(298,1): error TS2593: Cannot find name 'describe'. Do you need to install type definitions for a test runner? Try `npm i --save-dev @types/jest` or `npm i --save-dev @types/mocha` and then add 'jest' or 'mocha' to the types field in your tsconfig.
src/__tests__/schema.test.ts(299,3): error TS2593: Cannot find name 'it'. Do you need to install type definitions for a test runner? Try `npm i --save-dev @types/jest` or `npm i --save-dev @types/mocha` and then add 'jest' or 'mocha' to the types field in your tsconfig.
src/__tests__/schema.test.ts(314,5): error TS2304: Cannot find name 'expect'.
src/__tests__/schema.test.ts(317,3): error TS2593: Cannot find name 'it'. Do you need to install type definitions for a test runner? Try `npm i --save-dev @types/jest` or `npm i --save-dev @types/mocha` and then add 'jest' or 'mocha' to the types field in your tsconfig.
src/__tests__/schema.test.ts(334,5): error TS2304: Cannot find name 'expect'.
src/__tests__/schema.test.ts(337,3): error TS2593: Cannot find name 'it'. Do you need to install type definitions for a test runner? Try `npm i --save-dev @types/jest` or `npm i --save-dev @types/mocha` and then add 'jest' or 'mocha' to the types field in your tsconfig.
src/__tests__/schema.test.ts(360,5): error TS2304: Cannot find name 'expect'.
src/__tests__/schema.test.ts(363,3): error TS2593: Cannot find name 'it'. Do you need to install type definitions for a test runner? Try `npm i --save-dev @types/jest` or `npm i --save-dev @types/mocha` and then add 'jest' or 'mocha' to the types field in your tsconfig.
src/__tests__/schema.test.ts(385,5): error TS2304: Cannot find name 'expect'.
src/__tests__/schema.test.ts(386,5): error TS2304: Cannot find name 'expect'.
src/__tests__/schema.test.ts(387,5): error TS2304: Cannot find name 'expect'.
src/services/auth.service.ts(32,16): error TS2339: Property 'refreshToken' does not exist on type 'PrismaClient<never, GlobalOmitConfig | undefined, DefaultArgs>'.
src/services/auth.service.ts(123,11): error TS6133: 'payload' is declared but its value is never read.
src/services/auth.service.ts(126,38): error TS2339: Property 'refreshToken' does not exist on type 'PrismaClient<never, GlobalOmitConfig | undefined, DefaultArgs>'.
src/services/auth.service.ts(165,18): error TS2339: Property 'refreshToken' does not exist on type 'PrismaClient<never, GlobalOmitConfig | undefined, DefaultArgs>'.
